Starting program: C:\Users\Boya Shalini\OneDrive\Desktop\c-activity-sets\set01/a.exe
[New Thread 17220.0x4788]
[New Thread 17220.0x3970]
Enter a positive integer (n): 9
The sum of natural numbers up to 9 is 45
[Inferior 1 (process 17220) exited normally]
(gdb) b main
Breakpoint 1 at 0x40146e: file problem08.c, line 8.
(gdb) b 7
Note: breakpoint 1 also set at pc 0x40146e.
Breakpoint 2 at 0x40146e: file problem08.c, line 7.
(gdb) r
Starting program: C:\Users\Boya Shalini\OneDrive\Desktop\c-activity-sets\set01/a.exe
[New Thread 8704.0x1b1c]
[New Thread 8704.0x33fc]

Breakpoint 1, main () at problem08.c:8
8           n = input_n();
(gdb) r
The program being debugged has been started already.
Start it from the beginning? (y or n) y
error return ../../gdb-7.6.1/gdb/windows-nat.c:1275 was 5
Starting program: C:\Users\Boya Shalini\OneDrive\Desktop\c-activity-sets\set01/a.exe
[New Thread 14664.0x228c]
[New Thread 14664.0x1170]

Breakpoint 1, main () at problem08.c:8
8           n = input_n();
(gdb) r
The program being debugged has been started already.
Start it from the beginning? (y or n) n
Program not restarted.
(gdb) quit
A debugging session is active.

        Inferior 1 [process 14664] will be killed.

Quit anyway? (y or n) y