(gdb) r
Starting program: C:\Users\Boya Shalini\c activites set\c-activity-sets\set01/a.exe
[New Thread 17500.0x4684]
[New Thread 17500.0x2fe4]
Enter first number: 34
Enter second number: 56
The sum of 34 and 56 is: 90
[Inferior 1 (process 17500) exited normally]
(gdb) b main
Breakpoint 1 at 0x40147b: file problem02.c, line 11.
(gdb) b 4
Breakpoint 2 at 0x401463: file problem02.c, line 4.
(gdb) r
Starting program: C:\Users\Boya Shalini\c activites set\c-activity-sets\set01/a.exe
[New Thread 18136.0x4754]
[New Thread 18136.0x964]

Breakpoint 1, main () at problem02.c:11
11          printf("Enter first number: ");
(gdb) r
The program being debugged has been started already.
Start it from the beginning? (y or n) y
error return ../../gdb-7.6.1/gdb/windows-nat.c:1275 was 5
Starting program: C:\Users\Boya Shalini\c activites set\c-activity-sets\set01/a.exe
[New Thread 7092.0x31cc]
[New Thread 7092.0x2a40]

Breakpoint 1, main () at problem02.c:11
11          printf("Enter first number: ");
(gdb) r
The program being debugged has been started already.
Start it from the beginning? (y or n) n
Program not restarted.
(gdb) quit
A debugging session is active.

        Inferior 1 [process 7092] will be killed.

Quit anyway? (y or n) y